<html>
<body>
<pre>
<h1>µVision Build Log</h1>
<h2>Tool Versions:</h2>
IDE-Version: µVision V5.29.0.0
Copyright (C) 2019 ARM Ltd and ARM Germany GmbH. All rights reserved.
License Information: asd asdas, adasd, LIC=----
 
Tool Versions:
Toolchain:       MDK-Lite  Version: 5.29.0.0
Toolchain Path:  C:\Keil_v5\ARM\ARMCC\Bin
C Compiler:      Armcc.exe V5.06 update 6 (build 750)
Assembler:       Armasm.exe V5.06 update 6 (build 750)
Linker/Locator:  ArmLink.exe V5.06 update 6 (build 750)
Library Manager: ArmAr.exe V5.06 update 6 (build 750)
Hex Converter:   FromElf.exe V5.06 update 6 (build 750)
CPU DLL:         SARMCM3.DLL V5.29.0.0
Dialog DLL:      DCM.DLL V1.17.3.0
Target DLL:      UL2CM3.DLL V1.163.0.0
Dialog DLL:      TCM.DLL V1.36.5.0
 
<h2>Project:</h2>
D:\University\6\Îïåðàö³éí³ ñèñòåìè ðåàëüíîãî ÷àñó\Boiko_Ivanov\Lab8\laba.uvprojx
Project File Date:  05/21/2020

<h2>Output:</h2>
*** Using Compiler 'V5.06 update 6 (build 750)', folder: 'C:\Keil_v5\ARM\ARMCC\Bin'
Rebuild target 'Target 1'
compiling timers.c...
timers.c(21): warning:  #1-D: last line of file ends without a newline
  //}
timers.c: 1 warning, 0 errors
compiling RTX_Conf_CM.c...
compiling misc.c...
compiling main.c...
timers.h(23): warning:  #1-D: last line of file ends without a newline
  void init_Clocks(void);
main.c(85): warning:  #550-D: parameter "GPIO_Port"  was set but never used
  void initPort(GPIO_InitTypeDef GPIO_Port, uint16_t Pin) {
main.c(116): warning:  #1-D: last line of file ends without a newline
  }
main.c: 3 warnings, 0 errors
compiling keyboard.c...
compiling stm32f10x_gpio.c...
compiling stm32f10x_i2c.c...
assembling startup_stm32f10x_md.s...
compiling stm32f10x_rcc.c...
compiling stm32f10x_sdio.c...
compiling GPIO_STM32F10x.c...
compiling system_stm32f10x.c...
compiling stm32f10x_tim.c...
linking...
Program Size: Code=8416 RO-data=436 RW-data=124 ZI-data=4852  
".\Objects\laba.axf" - 0 Error(s), 4 Warning(s).

<h2>Software Packages used:</h2>

Package Vendor: ARM
                http://www.keil.com/pack/ARM.CMSIS.5.6.0.pack
                ARM.CMSIS.5.6.0
                CMSIS (Cortex Microcontroller Software Interface Standard)
   * Component: RTOS Version: 1.0.0
   * Component: CORE Version: 5.3.0
   * Component: Keil RTX Version: 4.82.0

Package Vendor: Keil
                http://www.keil.com/pack/Keil.STM32F1xx_DFP.2.3.0.pack
                Keil.STM32F1xx_DFP.2.3.0
                STMicroelectronics STM32F1 Series Device Support, Drivers and Examples
   * Component: GPIO Version: 1.3
   * Component: Startup Version: 1.0.0
   * Component: Framework Version: 3.5.1
   * Component: GPIO Version: 3.5.0
   * Component: I2C Version: 3.5.0
   * Component: RCC Version: 3.5.0
   * Component: SDIO Version: 3.5.0
   * Component: TIM Version: 3.5.0

<h2>Collection of Component include folders:</h2>
  .\RTE\Device\STM32F103C8
  .\RTE\_Target_1
  C:\Users\anato\AppData\Local\Arm\Packs\ARM\CMSIS\5.6.0\CMSIS\Core\Include
  C:\Users\anato\AppData\Local\Arm\Packs\ARM\CMSIS\5.6.0\CMSIS\RTOS\RTX\INC
  C:\Users\anato\AppData\Local\Arm\Packs\Keil\STM32F1xx_DFP\2.3.0\Device\Include
  C:\Users\anato\AppData\Local\Arm\Packs\Keil\STM32F1xx_DFP\2.3.0\Device\StdPeriph_Driver\inc
  C:\Users\anato\AppData\Local\Arm\Packs\Keil\STM32F1xx_DFP\2.3.0\RTE_Driver

<h2>Collection of Component Files used:</h2>

   * Component: ::CMSIS:RTOS:1.0.0 (API)

   * Component: ARM::CMSIS:CORE:5.3.0

   * Component: ARM::CMSIS:RTOS:Keil RTX:4.82.0
      Source file:   CMSIS\RTOS\RTX\UserCodeTemplates\MailQueue.c
      Source file:   CMSIS\RTOS\RTX\UserCodeTemplates\MemPool.c
      Source file:   CMSIS\RTOS\RTX\Templates\RTX_Conf_CM.c
      Library file:  CMSIS\RTOS\RTX\LIB\ARM\RTX_CM3.lib
      Include file:  CMSIS\RTOS\RTX\INC\cmsis_os.h
      Source file:   CMSIS\RTOS\RTX\UserCodeTemplates\main.c
      Source file:   CMSIS\RTOS\RTX\UserCodeTemplates\Timer.c
      Source file:   CMSIS\RTOS\RTX\SRC\ARM\SVC_Table.s
      Source file:   CMSIS\RTOS\RTX\UserCodeTemplates\Semaphore.c
      Include file:  CMSIS\RTOS\RTX\UserCodeTemplates\osObjects.h
      Source file:   CMSIS\RTOS\RTX\UserCodeTemplates\Mutex.c
      Source file:   CMSIS\RTOS\RTX\UserCodeTemplates\MsgQueue.c
      Source file:   CMSIS\RTOS\RTX\UserCodeTemplates\Thread.c

   * Component: Keil::Device:GPIO:1.3
      Source file:   RTE_Driver\GPIO_STM32F10x.c
      Include file:  RTE_Driver\GPIO_STM32F10x.h

   * Component: Keil::Device:Startup:1.0.0
      Source file:   Device\Source\system_stm32f10x.c
      Include file:  RTE_Driver\Config\RTE_Device.h
      Source file:   Device\Source\ARM\STM32F1xx_OPT.s
      Source file:   Device\Source\ARM\startup_stm32f10x_md.s

   * Component: Keil::Device:StdPeriph Drivers:Framework:3.5.1
      Source file:   Device\StdPeriph_Driver\src\misc.c
      Include file:  Device\StdPeriph_Driver\templates\stm32f10x_it.h
      Include file:  Device\StdPeriph_Driver\inc\misc.h
      Source file:   Device\StdPeriph_Driver\templates\stm32f10x_conf.h
      Source file:   Device\StdPeriph_Driver\templates\stm32f10x_it.c

   * Component: Keil::Device:StdPeriph Drivers:GPIO:3.5.0
      Source file:   Device\StdPeriph_Driver\src\stm32f10x_gpio.c
      Include file:  Device\StdPeriph_Driver\inc\stm32f10x_gpio.h

   * Component: Keil::Device:StdPeriph Drivers:I2C:3.5.0
      Include file:  Device\StdPeriph_Driver\inc\stm32f10x_i2c.h
      Source file:   Device\StdPeriph_Driver\src\stm32f10x_i2c.c

   * Component: Keil::Device:StdPeriph Drivers:RCC:3.5.0
      Source file:   Device\StdPeriph_Driver\src\stm32f10x_rcc.c
      Include file:  Device\StdPeriph_Driver\inc\stm32f10x_rcc.h

   * Component: Keil::Device:StdPeriph Drivers:SDIO:3.5.0
      Include file:  Device\StdPeriph_Driver\inc\stm32f10x_sdio.h
      Source file:   Device\StdPeriph_Driver\src\stm32f10x_sdio.c

   * Component: Keil::Device:StdPeriph Drivers:TIM:3.5.0
      Include file:  Device\StdPeriph_Driver\inc\stm32f10x_tim.h
      Source file:   Device\StdPeriph_Driver\src\stm32f10x_tim.c
Build Time Elapsed:  00:00:03
</pre>
</body>
</html>
